#-----------------------------------------------------------
# Vivado v2015.4 (64-bit)
# SW Build 1412921 on Wed Nov 18 09:43:45 MST 2015
# IP Build 1412160 on Tue Nov 17 13:47:24 MST 2015
# Start of session at: Tue Jul 04 16:05:11 2017
# Process ID: 9128
# Current directory: D:/Users/Alex/Documents/GitHub/Frequency-comb-DPLL_v2/Frequency-comb-DPLL-DPLL-python3/Firmware Vivado Project/redpitaya.runs/pll_32x32_mult_ii_synth_1
# Command line: vivado.exe -log pll_32x32_mult_ii.vds -mode batch -messageDb vivado.pb -notrace -source pll_32x32_mult_ii.tcl
# Log file: D:/Users/Alex/Documents/GitHub/Frequency-comb-DPLL_v2/Frequency-comb-DPLL-DPLL-python3/Firmware Vivado Project/redpitaya.runs/pll_32x32_mult_ii_synth_1/pll_32x32_mult_ii.vds
# Journal file: D:/Users/Alex/Documents/GitHub/Frequency-comb-DPLL_v2/Frequency-comb-DPLL-DPLL-python3/Firmware Vivado Project/redpitaya.runs/pll_32x32_mult_ii_synth_1\vivado.jou
#-----------------------------------------------------------
source pll_32x32_mult_ii.tcl -notrace
