#-----------------------------------------------------------
# Vivado v2015.4 (64-bit)
# SW Build 1412921 on Wed Nov 18 09:43:45 MST 2015
# IP Build 1412160 on Tue Nov 17 13:47:24 MST 2015
# Start of session at: Fri Aug 04 14:38:09 2017
# Process ID: 10900
# Current directory: C:/Users/Alex/Documents/GitHub/v2/Frequency-comb-DPLL-DPLL-python3/Firmware_Vivado_Project
# Command line: vivado.exe -gui_launcher_event rodinguilauncherevent11488 C:\Users\Alex\Documents\GitHub\v2\Frequency-comb-DPLL-DPLL-python3\Firmware_Vivado_Project\redpitaya.xpr
# Log file: C:/Users/Alex/Documents/GitHub/v2/Frequency-comb-DPLL-DPLL-python3/Firmware_Vivado_Project/vivado.log
# Journal file: C:/Users/Alex/Documents/GitHub/v2/Frequency-comb-DPLL-DPLL-python3/Firmware_Vivado_Project\vivado.jou
#-----------------------------------------------------------
start_gui
open_project C:/Users/Alex/Documents/GitHub/v2/Frequency-comb-DPLL-DPLL-python3/Firmware_Vivado_Project/redpitaya.xpr
reset_run synth_1
launch_runs impl_1 -to_step write_bitstream
wait_on_run impl_1
