#-----------------------------------------------------------
# Vivado v2015.4 (64-bit)
# SW Build 1412921 on Wed Nov 18 09:43:45 MST 2015
# IP Build 1412160 on Tue Nov 17 13:47:24 MST 2015
# Start of session at: Thu Jun 15 11:39:44 2017
# Process ID: 12520
# Current directory: D:/Repo/Frequency-comb-DPLL - Python 3/Firmware Vivado Project/redpitaya.runs/fir_compiler_minimumphase_N_times_clk_synth_1
# Command line: vivado.exe -log fir_compiler_minimumphase_N_times_clk.vds -mode batch -messageDb vivado.pb -notrace -source fir_compiler_minimumphase_N_times_clk.tcl
# Log file: D:/Repo/Frequency-comb-DPLL - Python 3/Firmware Vivado Project/redpitaya.runs/fir_compiler_minimumphase_N_times_clk_synth_1/fir_compiler_minimumphase_N_times_clk.vds
# Journal file: D:/Repo/Frequency-comb-DPLL - Python 3/Firmware Vivado Project/redpitaya.runs/fir_compiler_minimumphase_N_times_clk_synth_1\vivado.jou
#-----------------------------------------------------------
source fir_compiler_minimumphase_N_times_clk.tcl -notrace
