#-----------------------------------------------------------
# Vivado v2015.4 (64-bit)
# SW Build 1412921 on Wed Nov 18 09:43:45 MST 2015
# IP Build 1412160 on Tue Nov 17 13:47:24 MST 2015
# Start of session at: Fri Aug 04 14:58:00 2017
# Process ID: 2500
# Current directory: C:/Users/Alex/Documents/GitHub/OnlineVersion2/Firmware Vivado Project
# Command line: vivado.exe -gui_launcher_event rodinguilauncherevent11412 C:\Users\Alex\Documents\GitHub\OnlineVersion2\Firmware Vivado Project\redpitaya.xpr
# Log file: C:/Users/Alex/Documents/GitHub/OnlineVersion2/Firmware Vivado Project/vivado.log
# Journal file: C:/Users/Alex/Documents/GitHub/OnlineVersion2/Firmware Vivado Project\vivado.jou
#-----------------------------------------------------------
start_gui
open_project {C:/Users/Alex/Documents/GitHub/OnlineVersion2/Firmware Vivado Project/redpitaya.xpr}
reset_run impl_1 -prev_step 
launch_runs impl_1 -to_step write_bitstream
wait_on_run impl_1
reset_run impl_1 -prev_step 
reset_run impl_1 -prev_step 
reset_run synth_1
launch_runs impl_1 -to_step write_bitstream
wait_on_run impl_1
