Copyright 1986-2015 Xilinx, Inc. All Rights Reserved.
------------------------------------------------------------------------------------
| Tool Version : Vivado v.2015.4 (win64) Build 1412921 Wed Nov 18 09:43:45 MST 2015
| Date         : Mon Jan 29 22:29:23 2018
| Host         : jdbureau running 64-bit major release  (build 9200)
| Command      : report_drc
------------------------------------------------------------------------------------

Report DRC

Table of Contents
-----------------
1. REPORT SUMMARY
2. REPORT DETAILS

1. REPORT SUMMARY
-----------------
            Netlist: netlist
          Floorplan: design_1
      Design limits: <entire design considered>
           Ruledeck: default
             Max violations: <unlimited>
             Violations found: 124

2. REPORT DETAILS
-----------------
BUFC-1#1 Warning
Input Buffer Connections  
Input buffer daisy_n_i[0]_IBUF_inst has no loads. An input buffer must drive an internal load.
Related violations: <none>

BUFC-1#2 Warning
Input Buffer Connections  
Input buffer daisy_n_i[1]_IBUF_inst has no loads. An input buffer must drive an internal load.
Related violations: <none>

BUFC-1#3 Warning
Input Buffer Connections  
Input buffer daisy_p_i[0]_IBUF_inst has no loads. An input buffer must drive an internal load.
Related violations: <none>

BUFC-1#4 Warning
Input Buffer Connections  
Input buffer daisy_p_i[1]_IBUF_inst has no loads. An input buffer must drive an internal load.
Related violations: <none>

BUFC-1#5 Warning
Input Buffer Connections  
Input buffer i_iobufn[0]/IBUF (in i_iobufn[0] macro) has no loads. An input buffer must drive an internal load.
Related violations: <none>

BUFC-1#6 Warning
Input Buffer Connections  
Input buffer i_iobufn[1]/IBUF (in i_iobufn[1] macro) has no loads. An input buffer must drive an internal load.
Related violations: <none>

BUFC-1#7 Warning
Input Buffer Connections  
Input buffer i_iobufn[2]/IBUF (in i_iobufn[2] macro) has no loads. An input buffer must drive an internal load.
Related violations: <none>

BUFC-1#8 Warning
Input Buffer Connections  
Input buffer i_iobufn[3]/IBUF (in i_iobufn[3] macro) has no loads. An input buffer must drive an internal load.
Related violations: <none>

BUFC-1#9 Warning
Input Buffer Connections  
Input buffer i_iobufn[4]/IBUF (in i_iobufn[4] macro) has no loads. An input buffer must drive an internal load.
Related violations: <none>

BUFC-1#10 Warning
Input Buffer Connections  
Input buffer i_iobufn[5]/IBUF (in i_iobufn[5] macro) has no loads. An input buffer must drive an internal load.
Related violations: <none>

BUFC-1#11 Warning
Input Buffer Connections  
Input buffer i_iobufn[6]/IBUF (in i_iobufn[6] macro) has no loads. An input buffer must drive an internal load.
Related violations: <none>

BUFC-1#12 Warning
Input Buffer Connections  
Input buffer i_iobufn[7]/IBUF (in i_iobufn[7] macro) has no loads. An input buffer must drive an internal load.
Related violations: <none>

BUFC-1#13 Warning
Input Buffer Connections  
Input buffer i_iobufp[0]/IBUF (in i_iobufp[0] macro) has no loads. An input buffer must drive an internal load.
Related violations: <none>

BUFC-1#14 Warning
Input Buffer Connections  
Input buffer i_iobufp[1]/IBUF (in i_iobufp[1] macro) has no loads. An input buffer must drive an internal load.
Related violations: <none>

BUFC-1#15 Warning
Input Buffer Connections  
Input buffer i_iobufp[3]/IBUF (in i_iobufp[3] macro) has no loads. An input buffer must drive an internal load.
Related violations: <none>

BUFC-1#16 Warning
Input Buffer Connections  
Input buffer i_iobufp[4]/IBUF (in i_iobufp[4] macro) has no loads. An input buffer must drive an internal load.
Related violations: <none>

BUFC-1#17 Warning
Input Buffer Connections  
Input buffer i_iobufp[5]/IBUF (in i_iobufp[5] macro) has no loads. An input buffer must drive an internal load.
Related violations: <none>

BUFC-1#18 Warning
Input Buffer Connections  
Input buffer i_iobufp[6]/IBUF (in i_iobufp[6] macro) has no loads. An input buffer must drive an internal load.
Related violations: <none>

BUFC-1#19 Warning
Input Buffer Connections  
Input buffer i_iobufp[7]/IBUF (in i_iobufp[7] macro) has no loads. An input buffer must drive an internal load.
Related violations: <none>

DPIP-1#1 Warning
Input pipelining  
DSP dpll_wrapper_inst/DDC0_inst/ARG__0 input dpll_wrapper_inst/DDC0_inst/ARG__0/A[29:0] is not pipelined. Pipelining DSP48 input will improve performance.
Related violations: <none>

DPIP-1#2 Warning
Input pipelining  
DSP dpll_wrapper_inst/DDC0_inst/ARG__0 input dpll_wrapper_inst/DDC0_inst/ARG__0/B[17:0] is not pipelined. Pipelining DSP48 input will improve performance.
Related violations: <none>

DPIP-1#3 Warning
Input pipelining  
DSP dpll_wrapper_inst/DDC0_inst/ARG__0__0 input dpll_wrapper_inst/DDC0_inst/ARG__0__0/A[29:0] is not pipelined. Pipelining DSP48 input will improve performance.
Related violations: <none>

DPIP-1#4 Warning
Input pipelining  
DSP dpll_wrapper_inst/DDC0_inst/ARG__0__0 input dpll_wrapper_inst/DDC0_inst/ARG__0__0/B[17:0] is not pipelined. Pipelining DSP48 input will improve performance.
Related violations: <none>

DPIP-1#5 Warning
Input pipelining  
DSP dpll_wrapper_inst/DDC0_inst/input_multiplier_I/U0/i_mult/gDSP.gDSP_only.iDSP/inferred_dsp.reg_mult.m_reg_reg input dpll_wrapper_inst/DDC0_inst/input_multiplier_I/U0/i_mult/gDSP.gDSP_only.iDSP/inferred_dsp.reg_mult.m_reg_reg/A[29:0] is not pipelined. Pipelining DSP48 input will improve performance.
Related violations: <none>

DPIP-1#6 Warning
Input pipelining  
DSP dpll_wrapper_inst/DDC0_inst/input_multiplier_I/U0/i_mult/gDSP.gDSP_only.iDSP/inferred_dsp.reg_mult.m_reg_reg input dpll_wrapper_inst/DDC0_inst/input_multiplier_I/U0/i_mult/gDSP.gDSP_only.iDSP/inferred_dsp.reg_mult.m_reg_reg/B[17:0] is not pipelined. Pipelining DSP48 input will improve performance.
Related violations: <none>

DPIP-1#7 Warning
Input pipelining  
DSP dpll_wrapper_inst/DDC0_inst/input_multiplier_Q/U0/i_mult/gDSP.gDSP_only.iDSP/inferred_dsp.reg_mult.m_reg_reg input dpll_wrapper_inst/DDC0_inst/input_multiplier_Q/U0/i_mult/gDSP.gDSP_only.iDSP/inferred_dsp.reg_mult.m_reg_reg/A[29:0] is not pipelined. Pipelining DSP48 input will improve performance.
Related violations: <none>

DPIP-1#8 Warning
Input pipelining  
DSP dpll_wrapper_inst/DDC0_inst/input_multiplier_Q/U0/i_mult/gDSP.gDSP_only.iDSP/inferred_dsp.reg_mult.m_reg_reg input dpll_wrapper_inst/DDC0_inst/input_multiplier_Q/U0/i_mult/gDSP.gDSP_only.iDSP/inferred_dsp.reg_mult.m_reg_reg/B[17:0] is not pipelined. Pipelining DSP48 input will improve performance.
Related violations: <none>

DPIP-1#9 Warning
Input pipelining  
DSP dpll_wrapper_inst/PLL0_loop_filters/IIR_LPF_inst/data_out_wide_reg input dpll_wrapper_inst/PLL0_loop_filters/IIR_LPF_inst/data_out_wide_reg/B[17:0] is not pipelined. Pipelining DSP48 input will improve performance.
Related violations: <none>

DPIP-1#10 Warning
Input pipelining  
DSP dpll_wrapper_inst/PLL1_loop_filters/IIR_LPF_inst/data_out_wide_reg input dpll_wrapper_inst/PLL1_loop_filters/IIR_LPF_inst/data_out_wide_reg/B[17:0] is not pipelined. Pipelining DSP48 input will improve performance.
Related violations: <none>

DPIP-1#11 Warning
Input pipelining  
DSP dpll_wrapper_inst/ddc_external_ref_generator_inst/input_multiplier_I/U0/i_mult/gDSP.gDSP_only.iDSP/inferred_dsp.reg_mult.m_reg_reg input dpll_wrapper_inst/ddc_external_ref_generator_inst/input_multiplier_I/U0/i_mult/gDSP.gDSP_only.iDSP/inferred_dsp.reg_mult.m_reg_reg/A[29:0] is not pipelined. Pipelining DSP48 input will improve performance.
Related violations: <none>

DPIP-1#12 Warning
Input pipelining  
DSP dpll_wrapper_inst/ddc_external_ref_generator_inst/input_multiplier_I/U0/i_mult/gDSP.gDSP_only.iDSP/inferred_dsp.reg_mult.m_reg_reg input dpll_wrapper_inst/ddc_external_ref_generator_inst/input_multiplier_I/U0/i_mult/gDSP.gDSP_only.iDSP/inferred_dsp.reg_mult.m_reg_reg/B[17:0] is not pipelined. Pipelining DSP48 input will improve performance.
Related violations: <none>

DPIP-1#13 Warning
Input pipelining  
DSP dpll_wrapper_inst/ddc_external_ref_generator_inst/input_multiplier_Q/U0/i_mult/gDSP.gDSP_only.iDSP/inferred_dsp.reg_mult.m_reg_reg input dpll_wrapper_inst/ddc_external_ref_generator_inst/input_multiplier_Q/U0/i_mult/gDSP.gDSP_only.iDSP/inferred_dsp.reg_mult.m_reg_reg/A[29:0] is not pipelined. Pipelining DSP48 input will improve performance.
Related violations: <none>

DPIP-1#14 Warning
Input pipelining  
DSP dpll_wrapper_inst/ddc_external_ref_generator_inst/input_multiplier_Q/U0/i_mult/gDSP.gDSP_only.iDSP/inferred_dsp.reg_mult.m_reg_reg input dpll_wrapper_inst/ddc_external_ref_generator_inst/input_multiplier_Q/U0/i_mult/gDSP.gDSP_only.iDSP/inferred_dsp.reg_mult.m_reg_reg/B[17:0] is not pipelined. Pipelining DSP48 input will improve performance.
Related violations: <none>

DPIP-1#15 Warning
Input pipelining  
DSP mux_vco/internal_vco_inst/ARG input mux_vco/internal_vco_inst/ARG/A[29:0] is not pipelined. Pipelining DSP48 input will improve performance.
Related violations: <none>

DPIP-1#16 Warning
Input pipelining  
DSP mux_vco/internal_vco_inst/ARG input mux_vco/internal_vco_inst/ARG/B[17:0] is not pipelined. Pipelining DSP48 input will improve performance.
Related violations: <none>

DPOP-1#1 Warning
PREG Output pipelining  
DSP dpll_wrapper_inst/DDC0_inst/input_multiplier_I/U0/i_mult/gDSP.gDSP_only.iDSP/inferred_dsp.reg_mult.m_reg_reg output dpll_wrapper_inst/DDC0_inst/input_multiplier_I/U0/i_mult/gDSP.gDSP_only.iDSP/inferred_dsp.reg_mult.m_reg_reg/P[47:0] is not pipelined (PREG=0). Pipelining the DSP48 output will improve performance and often saves power so it is suggested whenever possible to fully pipeline this function.  If this DSP48 function was inferred, it is suggested to describe an additional register stage after this function.  If the DSP48 was instantiated in the design, it is suggested to set the PREG attribute to 1.
Related violations: <none>

DPOP-1#2 Warning
PREG Output pipelining  
DSP dpll_wrapper_inst/DDC0_inst/input_multiplier_Q/U0/i_mult/gDSP.gDSP_only.iDSP/inferred_dsp.reg_mult.m_reg_reg output dpll_wrapper_inst/DDC0_inst/input_multiplier_Q/U0/i_mult/gDSP.gDSP_only.iDSP/inferred_dsp.reg_mult.m_reg_reg/P[47:0] is not pipelined (PREG=0). Pipelining the DSP48 output will improve performance and often saves power so it is suggested whenever possible to fully pipeline this function.  If this DSP48 function was inferred, it is suggested to describe an additional register stage after this function.  If the DSP48 was instantiated in the design, it is suggested to set the PREG attribute to 1.
Related violations: <none>

DPOP-1#3 Warning
PREG Output pipelining  
DSP dpll_wrapper_inst/ddc_external_ref_generator_inst/input_multiplier_I/U0/i_mult/gDSP.gDSP_only.iDSP/inferred_dsp.reg_mult.m_reg_reg output dpll_wrapper_inst/ddc_external_ref_generator_inst/input_multiplier_I/U0/i_mult/gDSP.gDSP_only.iDSP/inferred_dsp.reg_mult.m_reg_reg/P[47:0] is not pipelined (PREG=0). Pipelining the DSP48 output will improve performance and often saves power so it is suggested whenever possible to fully pipeline this function.  If this DSP48 function was inferred, it is suggested to describe an additional register stage after this function.  If the DSP48 was instantiated in the design, it is suggested to set the PREG attribute to 1.
Related violations: <none>

DPOP-1#4 Warning
PREG Output pipelining  
DSP dpll_wrapper_inst/ddc_external_ref_generator_inst/input_multiplier_Q/U0/i_mult/gDSP.gDSP_only.iDSP/inferred_dsp.reg_mult.m_reg_reg output dpll_wrapper_inst/ddc_external_ref_generator_inst/input_multiplier_Q/U0/i_mult/gDSP.gDSP_only.iDSP/inferred_dsp.reg_mult.m_reg_reg/P[47:0] is not pipelined (PREG=0). Pipelining the DSP48 output will improve performance and often saves power so it is suggested whenever possible to fully pipeline this function.  If this DSP48 function was inferred, it is suggested to describe an additional register stage after this function.  If the DSP48 was instantiated in the design, it is suggested to set the PREG attribute to 1.
Related violations: <none>

DPOP-2#1 Warning
MREG Output pipelining  
DSP dpll_wrapper_inst/DDC0_inst/ARG__0 multiplier stage dpll_wrapper_inst/DDC0_inst/ARG__0/P[47:0] is not pipelined (MREG=0). Pipelining the multiplier function will improve performance and will save significant power so it is suggested whenever possible to fully pipeline this function.  If this multiplier was inferred, it is suggested to describe an additional register stage after this function.  If there is no registered adder/accumulator following the multiply function, two pipeline stages are suggested to allow both the MREG and PREG registers to be used.  If the DSP48 was instantiated in the design, it is suggested to set both the MREG and PREG attributes to 1 when performing multiply functions.
Related violations: <none>

DPOP-2#2 Warning
MREG Output pipelining  
DSP dpll_wrapper_inst/DDC0_inst/ARG__0__0 multiplier stage dpll_wrapper_inst/DDC0_inst/ARG__0__0/P[47:0] is not pipelined (MREG=0). Pipelining the multiplier function will improve performance and will save significant power so it is suggested whenever possible to fully pipeline this function.  If this multiplier was inferred, it is suggested to describe an additional register stage after this function.  If there is no registered adder/accumulator following the multiply function, two pipeline stages are suggested to allow both the MREG and PREG registers to be used.  If the DSP48 was instantiated in the design, it is suggested to set both the MREG and PREG attributes to 1 when performing multiply functions.
Related violations: <none>

DPOP-2#3 Warning
MREG Output pipelining  
DSP dpll_wrapper_inst/PLL0_loop_filters/IIR_LPF_inst/data_out_wide_reg multiplier stage dpll_wrapper_inst/PLL0_loop_filters/IIR_LPF_inst/data_out_wide_reg/P[47:0] is not pipelined (MREG=0). Pipelining the multiplier function will improve performance and will save significant power so it is suggested whenever possible to fully pipeline this function.  If this multiplier was inferred, it is suggested to describe an additional register stage after this function.  If there is no registered adder/accumulator following the multiply function, two pipeline stages are suggested to allow both the MREG and PREG registers to be used.  If the DSP48 was instantiated in the design, it is suggested to set both the MREG and PREG attributes to 1 when performing multiply functions.
Related violations: <none>

DPOP-2#4 Warning
MREG Output pipelining  
DSP dpll_wrapper_inst/PLL1_loop_filters/IIR_LPF_inst/data_out_wide_reg multiplier stage dpll_wrapper_inst/PLL1_loop_filters/IIR_LPF_inst/data_out_wide_reg/P[47:0] is not pipelined (MREG=0). Pipelining the multiplier function will improve performance and will save significant power so it is suggested whenever possible to fully pipeline this function.  If this multiplier was inferred, it is suggested to describe an additional register stage after this function.  If there is no registered adder/accumulator following the multiply function, two pipeline stages are suggested to allow both the MREG and PREG registers to be used.  If the DSP48 was instantiated in the design, it is suggested to set both the MREG and PREG attributes to 1 when performing multiply functions.
Related violations: <none>

DPOP-2#5 Warning
MREG Output pipelining  
DSP dpll_wrapper_inst/system_identification_vna_inst/system_identification_vna_inst/output_mult_inst/U0/i_mult/gDSP.gDSP_only.iDSP/inferred_dsp.reg_mult.m_reg_reg multiplier stage dpll_wrapper_inst/system_identification_vna_inst/system_identification_vna_inst/output_mult_inst/U0/i_mult/gDSP.gDSP_only.iDSP/inferred_dsp.reg_mult.m_reg_reg/P[47:0] is not pipelined (MREG=0). Pipelining the multiplier function will improve performance and will save significant power so it is suggested whenever possible to fully pipeline this function.  If this multiplier was inferred, it is suggested to describe an additional register stage after this function.  If there is no registered adder/accumulator following the multiply function, two pipeline stages are suggested to allow both the MREG and PREG registers to be used.  If the DSP48 was instantiated in the design, it is suggested to set both the MREG and PREG attributes to 1 when performing multiply functions.
Related violations: <none>

PLIO-7#1 Warning
Placement Constraints Check for IO constraints  
An IO Bus FIXED_IO_mio[53:0] with more than one IO standard is found. Components associated with this bus are: LVCMOS33 (FIXED_IO_mio[15], FIXED_IO_mio[14], FIXED_IO_mio[13], FIXED_IO_mio[12], FIXED_IO_mio[11], FIXED_IO_mio[10], FIXED_IO_mio[9], FIXED_IO_mio[8], FIXED_IO_mio[7], FIXED_IO_mio[6], FIXED_IO_mio[5], FIXED_IO_mio[4], FIXED_IO_mio[3], FIXED_IO_mio[2], FIXED_IO_mio[1] (the first 15 of 16 listed)); LVCMOS25 (FIXED_IO_mio[53], FIXED_IO_mio[52], FIXED_IO_mio[51], FIXED_IO_mio[50], FIXED_IO_mio[49], FIXED_IO_mio[48], FIXED_IO_mio[47], FIXED_IO_mio[46], FIXED_IO_mio[45], FIXED_IO_mio[44], FIXED_IO_mio[43], FIXED_IO_mio[42], FIXED_IO_mio[41], FIXED_IO_mio[40], FIXED_IO_mio[39] (the first 15 of 38 listed)); 
Related violations: <none>

REQP-1577#1 Warning
Clock output buffering  
MMCME2_ADV connectivity violation. The signal nolabel_line959/inst/clkfbout_clk_10MHz_sync on the nolabel_line959/inst/mmcm_adv_inst/CLKFBOUT pin of nolabel_line959/inst/mmcm_adv_inst does not drive the same kind of BUFFER load as the other CLKOUT pins. Routing from the different buffer types will not be phase aligned.
Related violations: <none>

XDCH-2#1 Warning
Same min and max delay values on IO port  
The same input delay of 3.400 ns has been defined on port 'adc_dat_a_i[10]' relative to clock adc_clk for both max and min. Make sure this reflects the design intent.
set_input_delay -clock adc_clk 3.400 [get_ports {adc_dat_a_i[*]}]
D:/Repo/Frequency-comb-DPLL/Firmware_Vivado_Project/redpitaya.srcs/constrs_1/imports/sdc/red_pitaya.xdc (Line: 210)
Related violations: <none>

XDCH-2#2 Warning
Same min and max delay values on IO port  
The same input delay of 3.400 ns has been defined on port 'adc_dat_a_i[11]' relative to clock adc_clk for both max and min. Make sure this reflects the design intent.
set_input_delay -clock adc_clk 3.400 [get_ports {adc_dat_a_i[*]}]
D:/Repo/Frequency-comb-DPLL/Firmware_Vivado_Project/redpitaya.srcs/constrs_1/imports/sdc/red_pitaya.xdc (Line: 210)
Related violations: <none>

XDCH-2#3 Warning
Same min and max delay values on IO port  
The same input delay of 3.400 ns has been defined on port 'adc_dat_a_i[12]' relative to clock adc_clk for both max and min. Make sure this reflects the design intent.
set_input_delay -clock adc_clk 3.400 [get_ports {adc_dat_a_i[*]}]
D:/Repo/Frequency-comb-DPLL/Firmware_Vivado_Project/redpitaya.srcs/constrs_1/imports/sdc/red_pitaya.xdc (Line: 210)
Related violations: <none>

XDCH-2#4 Warning
Same min and max delay values on IO port  
The same input delay of 3.400 ns has been defined on port 'adc_dat_a_i[13]' relative to clock adc_clk for both max and min. Make sure this reflects the design intent.
set_input_delay -clock adc_clk 3.400 [get_ports {adc_dat_a_i[*]}]
D:/Repo/Frequency-comb-DPLL/Firmware_Vivado_Project/redpitaya.srcs/constrs_1/imports/sdc/red_pitaya.xdc (Line: 210)
Related violations: <none>

XDCH-2#5 Warning
Same min and max delay values on IO port  
The same input delay of 3.400 ns has been defined on port 'adc_dat_a_i[14]' relative to clock adc_clk for both max and min. Make sure this reflects the design intent.
set_input_delay -clock adc_clk 3.400 [get_ports {adc_dat_a_i[*]}]
D:/Repo/Frequency-comb-DPLL/Firmware_Vivado_Project/redpitaya.srcs/constrs_1/imports/sdc/red_pitaya.xdc (Line: 210)
Related violations: <none>

XDCH-2#6 Warning
Same min and max delay values on IO port  
The same input delay of 3.400 ns has been defined on port 'adc_dat_a_i[15]' relative to clock adc_clk for both max and min. Make sure this reflects the design intent.
set_input_delay -clock adc_clk 3.400 [get_ports {adc_dat_a_i[*]}]
D:/Repo/Frequency-comb-DPLL/Firmware_Vivado_Project/redpitaya.srcs/constrs_1/imports/sdc/red_pitaya.xdc (Line: 210)
Related violations: <none>

XDCH-2#7 Warning
Same min and max delay values on IO port  
The same input delay of 3.400 ns has been defined on port 'adc_dat_a_i[2]' relative to clock adc_clk for both max and min. Make sure this reflects the design intent.
set_input_delay -clock adc_clk 3.400 [get_ports {adc_dat_a_i[*]}]
D:/Repo/Frequency-comb-DPLL/Firmware_Vivado_Project/redpitaya.srcs/constrs_1/imports/sdc/red_pitaya.xdc (Line: 210)
Related violations: <none>

XDCH-2#8 Warning
Same min and max delay values on IO port  
The same input delay of 3.400 ns has been defined on port 'adc_dat_a_i[3]' relative to clock adc_clk for both max and min. Make sure this reflects the design intent.
set_input_delay -clock adc_clk 3.400 [get_ports {adc_dat_a_i[*]}]
D:/Repo/Frequency-comb-DPLL/Firmware_Vivado_Project/redpitaya.srcs/constrs_1/imports/sdc/red_pitaya.xdc (Line: 210)
Related violations: <none>

XDCH-2#9 Warning
Same min and max delay values on IO port  
The same input delay of 3.400 ns has been defined on port 'adc_dat_a_i[4]' relative to clock adc_clk for both max and min. Make sure this reflects the design intent.
set_input_delay -clock adc_clk 3.400 [get_ports {adc_dat_a_i[*]}]
D:/Repo/Frequency-comb-DPLL/Firmware_Vivado_Project/redpitaya.srcs/constrs_1/imports/sdc/red_pitaya.xdc (Line: 210)
Related violations: <none>

XDCH-2#10 Warning
Same min and max delay values on IO port  
The same input delay of 3.400 ns has been defined on port 'adc_dat_a_i[5]' relative to clock adc_clk for both max and min. Make sure this reflects the design intent.
set_input_delay -clock adc_clk 3.400 [get_ports {adc_dat_a_i[*]}]
D:/Repo/Frequency-comb-DPLL/Firmware_Vivado_Project/redpitaya.srcs/constrs_1/imports/sdc/red_pitaya.xdc (Line: 210)
Related violations: <none>

XDCH-2#11 Warning
Same min and max delay values on IO port  
The same input delay of 3.400 ns has been defined on port 'adc_dat_a_i[6]' relative to clock adc_clk for both max and min. Make sure this reflects the design intent.
set_input_delay -clock adc_clk 3.400 [get_ports {adc_dat_a_i[*]}]
D:/Repo/Frequency-comb-DPLL/Firmware_Vivado_Project/redpitaya.srcs/constrs_1/imports/sdc/red_pitaya.xdc (Line: 210)
Related violations: <none>

XDCH-2#12 Warning
Same min and max delay values on IO port  
The same input delay of 3.400 ns has been defined on port 'adc_dat_a_i[7]' relative to clock adc_clk for both max and min. Make sure this reflects the design intent.
set_input_delay -clock adc_clk 3.400 [get_ports {adc_dat_a_i[*]}]
D:/Repo/Frequency-comb-DPLL/Firmware_Vivado_Project/redpitaya.srcs/constrs_1/imports/sdc/red_pitaya.xdc (Line: 210)
Related violations: <none>

XDCH-2#13 Warning
Same min and max delay values on IO port  
The same input delay of 3.400 ns has been defined on port 'adc_dat_a_i[8]' relative to clock adc_clk for both max and min. Make sure this reflects the design intent.
set_input_delay -clock adc_clk 3.400 [get_ports {adc_dat_a_i[*]}]
D:/Repo/Frequency-comb-DPLL/Firmware_Vivado_Project/redpitaya.srcs/constrs_1/imports/sdc/red_pitaya.xdc (Line: 210)
Related violations: <none>

XDCH-2#14 Warning
Same min and max delay values on IO port  
The same input delay of 3.400 ns has been defined on port 'adc_dat_a_i[9]' relative to clock adc_clk for both max and min. Make sure this reflects the design intent.
set_input_delay -clock adc_clk 3.400 [get_ports {adc_dat_a_i[*]}]
D:/Repo/Frequency-comb-DPLL/Firmware_Vivado_Project/redpitaya.srcs/constrs_1/imports/sdc/red_pitaya.xdc (Line: 210)
Related violations: <none>

XDCH-2#15 Warning
Same min and max delay values on IO port  
The same input delay of 3.400 ns has been defined on port 'adc_dat_b_i[10]' relative to clock adc_clk for both max and min. Make sure this reflects the design intent.
set_input_delay -clock adc_clk 3.400 [get_ports {adc_dat_b_i[*]}]
D:/Repo/Frequency-comb-DPLL/Firmware_Vivado_Project/redpitaya.srcs/constrs_1/imports/sdc/red_pitaya.xdc (Line: 211)
Related violations: <none>

XDCH-2#16 Warning
Same min and max delay values on IO port  
The same input delay of 3.400 ns has been defined on port 'adc_dat_b_i[11]' relative to clock adc_clk for both max and min. Make sure this reflects the design intent.
set_input_delay -clock adc_clk 3.400 [get_ports {adc_dat_b_i[*]}]
D:/Repo/Frequency-comb-DPLL/Firmware_Vivado_Project/redpitaya.srcs/constrs_1/imports/sdc/red_pitaya.xdc (Line: 211)
Related violations: <none>

XDCH-2#17 Warning
Same min and max delay values on IO port  
The same input delay of 3.400 ns has been defined on port 'adc_dat_b_i[12]' relative to clock adc_clk for both max and min. Make sure this reflects the design intent.
set_input_delay -clock adc_clk 3.400 [get_ports {adc_dat_b_i[*]}]
D:/Repo/Frequency-comb-DPLL/Firmware_Vivado_Project/redpitaya.srcs/constrs_1/imports/sdc/red_pitaya.xdc (Line: 211)
Related violations: <none>

XDCH-2#18 Warning
Same min and max delay values on IO port  
The same input delay of 3.400 ns has been defined on port 'adc_dat_b_i[13]' relative to clock adc_clk for both max and min. Make sure this reflects the design intent.
set_input_delay -clock adc_clk 3.400 [get_ports {adc_dat_b_i[*]}]
D:/Repo/Frequency-comb-DPLL/Firmware_Vivado_Project/redpitaya.srcs/constrs_1/imports/sdc/red_pitaya.xdc (Line: 211)
Related violations: <none>

XDCH-2#19 Warning
Same min and max delay values on IO port  
The same input delay of 3.400 ns has been defined on port 'adc_dat_b_i[14]' relative to clock adc_clk for both max and min. Make sure this reflects the design intent.
set_input_delay -clock adc_clk 3.400 [get_ports {adc_dat_b_i[*]}]
D:/Repo/Frequency-comb-DPLL/Firmware_Vivado_Project/redpitaya.srcs/constrs_1/imports/sdc/red_pitaya.xdc (Line: 211)
Related violations: <none>

XDCH-2#20 Warning
Same min and max delay values on IO port  
The same input delay of 3.400 ns has been defined on port 'adc_dat_b_i[15]' relative to clock adc_clk for both max and min. Make sure this reflects the design intent.
set_input_delay -clock adc_clk 3.400 [get_ports {adc_dat_b_i[*]}]
D:/Repo/Frequency-comb-DPLL/Firmware_Vivado_Project/redpitaya.srcs/constrs_1/imports/sdc/red_pitaya.xdc (Line: 211)
Related violations: <none>

XDCH-2#21 Warning
Same min and max delay values on IO port  
The same input delay of 3.400 ns has been defined on port 'adc_dat_b_i[2]' relative to clock adc_clk for both max and min. Make sure this reflects the design intent.
set_input_delay -clock adc_clk 3.400 [get_ports {adc_dat_b_i[*]}]
D:/Repo/Frequency-comb-DPLL/Firmware_Vivado_Project/redpitaya.srcs/constrs_1/imports/sdc/red_pitaya.xdc (Line: 211)
Related violations: <none>

XDCH-2#22 Warning
Same min and max delay values on IO port  
The same input delay of 3.400 ns has been defined on port 'adc_dat_b_i[3]' relative to clock adc_clk for both max and min. Make sure this reflects the design intent.
set_input_delay -clock adc_clk 3.400 [get_ports {adc_dat_b_i[*]}]
D:/Repo/Frequency-comb-DPLL/Firmware_Vivado_Project/redpitaya.srcs/constrs_1/imports/sdc/red_pitaya.xdc (Line: 211)
Related violations: <none>

XDCH-2#23 Warning
Same min and max delay values on IO port  
The same input delay of 3.400 ns has been defined on port 'adc_dat_b_i[4]' relative to clock adc_clk for both max and min. Make sure this reflects the design intent.
set_input_delay -clock adc_clk 3.400 [get_ports {adc_dat_b_i[*]}]
D:/Repo/Frequency-comb-DPLL/Firmware_Vivado_Project/redpitaya.srcs/constrs_1/imports/sdc/red_pitaya.xdc (Line: 211)
Related violations: <none>

XDCH-2#24 Warning
Same min and max delay values on IO port  
The same input delay of 3.400 ns has been defined on port 'adc_dat_b_i[5]' relative to clock adc_clk for both max and min. Make sure this reflects the design intent.
set_input_delay -clock adc_clk 3.400 [get_ports {adc_dat_b_i[*]}]
D:/Repo/Frequency-comb-DPLL/Firmware_Vivado_Project/redpitaya.srcs/constrs_1/imports/sdc/red_pitaya.xdc (Line: 211)
Related violations: <none>

XDCH-2#25 Warning
Same min and max delay values on IO port  
The same input delay of 3.400 ns has been defined on port 'adc_dat_b_i[6]' relative to clock adc_clk for both max and min. Make sure this reflects the design intent.
set_input_delay -clock adc_clk 3.400 [get_ports {adc_dat_b_i[*]}]
D:/Repo/Frequency-comb-DPLL/Firmware_Vivado_Project/redpitaya.srcs/constrs_1/imports/sdc/red_pitaya.xdc (Line: 211)
Related violations: <none>

XDCH-2#26 Warning
Same min and max delay values on IO port  
The same input delay of 3.400 ns has been defined on port 'adc_dat_b_i[7]' relative to clock adc_clk for both max and min. Make sure this reflects the design intent.
set_input_delay -clock adc_clk 3.400 [get_ports {adc_dat_b_i[*]}]
D:/Repo/Frequency-comb-DPLL/Firmware_Vivado_Project/redpitaya.srcs/constrs_1/imports/sdc/red_pitaya.xdc (Line: 211)
Related violations: <none>

XDCH-2#27 Warning
Same min and max delay values on IO port  
The same input delay of 3.400 ns has been defined on port 'adc_dat_b_i[8]' relative to clock adc_clk for both max and min. Make sure this reflects the design intent.
set_input_delay -clock adc_clk 3.400 [get_ports {adc_dat_b_i[*]}]
D:/Repo/Frequency-comb-DPLL/Firmware_Vivado_Project/redpitaya.srcs/constrs_1/imports/sdc/red_pitaya.xdc (Line: 211)
Related violations: <none>

XDCH-2#28 Warning
Same min and max delay values on IO port  
The same input delay of 3.400 ns has been defined on port 'adc_dat_b_i[9]' relative to clock adc_clk for both max and min. Make sure this reflects the design intent.
set_input_delay -clock adc_clk 3.400 [get_ports {adc_dat_b_i[*]}]
D:/Repo/Frequency-comb-DPLL/Firmware_Vivado_Project/redpitaya.srcs/constrs_1/imports/sdc/red_pitaya.xdc (Line: 211)
Related violations: <none>

AVAL-4#1 Advisory
enum_USE_DPORT_FALSE_enum_DREG_ADREG_0_connects_CED_CEAD_RSTD_GND  
dpll_wrapper_inst/DDC0_inst/LO_DDS_inst/U0/i_synth/i_dds/I_PHASEGEN.i_conventional_accum.i_accum/i_dsp48.i_struct.i_single_channel.I_DSP/I_VX5_6.I_DSP: DSP48E1 is not using the D port (USE_DPORT = FALSE). For improved power characteristics, set DREG and ADREG to '1', tie CED, CEAD, and RSTD to logic '0'.
Related violations: <none>

AVAL-4#2 Advisory
enum_USE_DPORT_FALSE_enum_DREG_ADREG_0_connects_CED_CEAD_RSTD_GND  
dpll_wrapper_inst/DDC0_inst/ddc_frontend_lowpass_filter_inst_I/N_times_clk_FIR_wrapper_inst/fir_compiler_minimumphase_N_times_clk_inst/U0/i_synth/g_transpose_single_rate.i_transpose_single_rate/g_paths[0].g_madd[0].i_madd/i_addsub_mult_accum/g_dsp48.g_dsp48e1.i_dsp48e1: DSP48E1 is not using the D port (USE_DPORT = FALSE). For improved power characteristics, set DREG and ADREG to '1', tie CED, CEAD, and RSTD to logic '0'.
Related violations: <none>

AVAL-4#3 Advisory
enum_USE_DPORT_FALSE_enum_DREG_ADREG_0_connects_CED_CEAD_RSTD_GND  
dpll_wrapper_inst/DDC0_inst/ddc_frontend_lowpass_filter_inst_I/N_times_clk_FIR_wrapper_inst/fir_compiler_minimumphase_N_times_clk_inst/U0/i_synth/g_transpose_single_rate.i_transpose_single_rate/g_paths[0].g_madd[1].i_madd/i_addsub_mult_accum/g_dsp48.g_dsp48e1.i_dsp48e1: DSP48E1 is not using the D port (USE_DPORT = FALSE). For improved power characteristics, set DREG and ADREG to '1', tie CED, CEAD, and RSTD to logic '0'.
Related violations: <none>

AVAL-4#4 Advisory
enum_USE_DPORT_FALSE_enum_DREG_ADREG_0_connects_CED_CEAD_RSTD_GND  
dpll_wrapper_inst/DDC0_inst/ddc_frontend_lowpass_filter_inst_I/N_times_clk_FIR_wrapper_inst/fir_compiler_minimumphase_N_times_clk_inst/U0/i_synth/g_transpose_single_rate.i_transpose_single_rate/g_paths[0].g_madd[2].i_madd/i_addsub_mult_accum/g_dsp48.g_dsp48e1.i_dsp48e1: DSP48E1 is not using the D port (USE_DPORT = FALSE). For improved power characteristics, set DREG and ADREG to '1', tie CED, CEAD, and RSTD to logic '0'.
Related violations: <none>

AVAL-4#5 Advisory
enum_USE_DPORT_FALSE_enum_DREG_ADREG_0_connects_CED_CEAD_RSTD_GND  
dpll_wrapper_inst/DDC0_inst/ddc_frontend_lowpass_filter_inst_I/N_times_clk_FIR_wrapper_inst/fir_compiler_minimumphase_N_times_clk_inst/U0/i_synth/g_transpose_single_rate.i_transpose_single_rate/g_paths[0].g_madd[3].i_madd/i_addsub_mult_accum/g_dsp48.g_dsp48e1.i_dsp48e1: DSP48E1 is not using the D port (USE_DPORT = FALSE). For improved power characteristics, set DREG and ADREG to '1', tie CED, CEAD, and RSTD to logic '0'.
Related violations: <none>

AVAL-4#6 Advisory
enum_USE_DPORT_FALSE_enum_DREG_ADREG_0_connects_CED_CEAD_RSTD_GND  
dpll_wrapper_inst/DDC0_inst/ddc_frontend_lowpass_filter_inst_I/N_times_clk_FIR_wrapper_inst/fir_compiler_minimumphase_N_times_clk_inst/U0/i_synth/g_transpose_single_rate.i_transpose_single_rate/g_paths[0].g_madd[4].i_madd/i_addsub_mult_accum/g_dsp48.g_dsp48e1.i_dsp48e1: DSP48E1 is not using the D port (USE_DPORT = FALSE). For improved power characteristics, set DREG and ADREG to '1', tie CED, CEAD, and RSTD to logic '0'.
Related violations: <none>

AVAL-4#7 Advisory
enum_USE_DPORT_FALSE_enum_DREG_ADREG_0_connects_CED_CEAD_RSTD_GND  
dpll_wrapper_inst/DDC0_inst/ddc_frontend_lowpass_filter_inst_I/N_times_clk_FIR_wrapper_inst/fir_compiler_minimumphase_N_times_clk_inst/U0/i_synth/g_transpose_single_rate.i_transpose_single_rate/g_paths[0].g_madd[5].i_madd/i_addsub_mult_accum/g_dsp48.g_dsp48e1.i_dsp48e1: DSP48E1 is not using the D port (USE_DPORT = FALSE). For improved power characteristics, set DREG and ADREG to '1', tie CED, CEAD, and RSTD to logic '0'.
Related violations: <none>

AVAL-4#8 Advisory
enum_USE_DPORT_FALSE_enum_DREG_ADREG_0_connects_CED_CEAD_RSTD_GND  
dpll_wrapper_inst/DDC0_inst/ddc_frontend_lowpass_filter_inst_I/N_times_clk_FIR_wrapper_inst/fir_compiler_minimumphase_N_times_clk_inst/U0/i_synth/g_transpose_single_rate.i_transpose_single_rate/g_paths[0].g_madd[6].i_madd/i_addsub_mult_accum/g_dsp48.g_dsp48e1.i_dsp48e1: DSP48E1 is not using the D port (USE_DPORT = FALSE). For improved power characteristics, set DREG and ADREG to '1', tie CED, CEAD, and RSTD to logic '0'.
Related violations: <none>

AVAL-4#9 Advisory
enum_USE_DPORT_FALSE_enum_DREG_ADREG_0_connects_CED_CEAD_RSTD_GND  
dpll_wrapper_inst/DDC0_inst/ddc_frontend_lowpass_filter_inst_I/N_times_clk_FIR_wrapper_inst/fir_compiler_minimumphase_N_times_clk_inst/U0/i_synth/g_transpose_single_rate.i_transpose_single_rate/g_paths[0].g_madd[7].i_madd/i_addsub_mult_accum/g_dsp48.g_dsp48e1.i_dsp48e1: DSP48E1 is not using the D port (USE_DPORT = FALSE). For improved power characteristics, set DREG and ADREG to '1', tie CED, CEAD, and RSTD to logic '0'.
Related violations: <none>

AVAL-4#10 Advisory
enum_USE_DPORT_FALSE_enum_DREG_ADREG_0_connects_CED_CEAD_RSTD_GND  
dpll_wrapper_inst/DDC0_inst/ddc_frontend_lowpass_filter_inst_Q/N_times_clk_FIR_wrapper_inst/fir_compiler_minimumphase_N_times_clk_inst/U0/i_synth/g_transpose_single_rate.i_transpose_single_rate/g_paths[0].g_madd[0].i_madd/i_addsub_mult_accum/g_dsp48.g_dsp48e1.i_dsp48e1: DSP48E1 is not using the D port (USE_DPORT = FALSE). For improved power characteristics, set DREG and ADREG to '1', tie CED, CEAD, and RSTD to logic '0'.
Related violations: <none>

AVAL-4#11 Advisory
enum_USE_DPORT_FALSE_enum_DREG_ADREG_0_connects_CED_CEAD_RSTD_GND  
dpll_wrapper_inst/DDC0_inst/ddc_frontend_lowpass_filter_inst_Q/N_times_clk_FIR_wrapper_inst/fir_compiler_minimumphase_N_times_clk_inst/U0/i_synth/g_transpose_single_rate.i_transpose_single_rate/g_paths[0].g_madd[1].i_madd/i_addsub_mult_accum/g_dsp48.g_dsp48e1.i_dsp48e1: DSP48E1 is not using the D port (USE_DPORT = FALSE). For improved power characteristics, set DREG and ADREG to '1', tie CED, CEAD, and RSTD to logic '0'.
Related violations: <none>

AVAL-4#12 Advisory
enum_USE_DPORT_FALSE_enum_DREG_ADREG_0_connects_CED_CEAD_RSTD_GND  
dpll_wrapper_inst/DDC0_inst/ddc_frontend_lowpass_filter_inst_Q/N_times_clk_FIR_wrapper_inst/fir_compiler_minimumphase_N_times_clk_inst/U0/i_synth/g_transpose_single_rate.i_transpose_single_rate/g_paths[0].g_madd[2].i_madd/i_addsub_mult_accum/g_dsp48.g_dsp48e1.i_dsp48e1: DSP48E1 is not using the D port (USE_DPORT = FALSE). For improved power characteristics, set DREG and ADREG to '1', tie CED, CEAD, and RSTD to logic '0'.
Related violations: <none>

AVAL-4#13 Advisory
enum_USE_DPORT_FALSE_enum_DREG_ADREG_0_connects_CED_CEAD_RSTD_GND  
dpll_wrapper_inst/DDC0_inst/ddc_frontend_lowpass_filter_inst_Q/N_times_clk_FIR_wrapper_inst/fir_compiler_minimumphase_N_times_clk_inst/U0/i_synth/g_transpose_single_rate.i_transpose_single_rate/g_paths[0].g_madd[3].i_madd/i_addsub_mult_accum/g_dsp48.g_dsp48e1.i_dsp48e1: DSP48E1 is not using the D port (USE_DPORT = FALSE). For improved power characteristics, set DREG and ADREG to '1', tie CED, CEAD, and RSTD to logic '0'.
Related violations: <none>

AVAL-4#14 Advisory
enum_USE_DPORT_FALSE_enum_DREG_ADREG_0_connects_CED_CEAD_RSTD_GND  
dpll_wrapper_inst/DDC0_inst/ddc_frontend_lowpass_filter_inst_Q/N_times_clk_FIR_wrapper_inst/fir_compiler_minimumphase_N_times_clk_inst/U0/i_synth/g_transpose_single_rate.i_transpose_single_rate/g_paths[0].g_madd[4].i_madd/i_addsub_mult_accum/g_dsp48.g_dsp48e1.i_dsp48e1: DSP48E1 is not using the D port (USE_DPORT = FALSE). For improved power characteristics, set DREG and ADREG to '1', tie CED, CEAD, and RSTD to logic '0'.
Related violations: <none>

AVAL-4#15 Advisory
enum_USE_DPORT_FALSE_enum_DREG_ADREG_0_connects_CED_CEAD_RSTD_GND  
dpll_wrapper_inst/DDC0_inst/ddc_frontend_lowpass_filter_inst_Q/N_times_clk_FIR_wrapper_inst/fir_compiler_minimumphase_N_times_clk_inst/U0/i_synth/g_transpose_single_rate.i_transpose_single_rate/g_paths[0].g_madd[5].i_madd/i_addsub_mult_accum/g_dsp48.g_dsp48e1.i_dsp48e1: DSP48E1 is not using the D port (USE_DPORT = FALSE). For improved power characteristics, set DREG and ADREG to '1', tie CED, CEAD, and RSTD to logic '0'.
Related violations: <none>

AVAL-4#16 Advisory
enum_USE_DPORT_FALSE_enum_DREG_ADREG_0_connects_CED_CEAD_RSTD_GND  
dpll_wrapper_inst/DDC0_inst/ddc_frontend_lowpass_filter_inst_Q/N_times_clk_FIR_wrapper_inst/fir_compiler_minimumphase_N_times_clk_inst/U0/i_synth/g_transpose_single_rate.i_transpose_single_rate/g_paths[0].g_madd[6].i_madd/i_addsub_mult_accum/g_dsp48.g_dsp48e1.i_dsp48e1: DSP48E1 is not using the D port (USE_DPORT = FALSE). For improved power characteristics, set DREG and ADREG to '1', tie CED, CEAD, and RSTD to logic '0'.
Related violations: <none>

AVAL-4#17 Advisory
enum_USE_DPORT_FALSE_enum_DREG_ADREG_0_connects_CED_CEAD_RSTD_GND  
dpll_wrapper_inst/DDC0_inst/ddc_frontend_lowpass_filter_inst_Q/N_times_clk_FIR_wrapper_inst/fir_compiler_minimumphase_N_times_clk_inst/U0/i_synth/g_transpose_single_rate.i_transpose_single_rate/g_paths[0].g_madd[7].i_madd/i_addsub_mult_accum/g_dsp48.g_dsp48e1.i_dsp48e1: DSP48E1 is not using the D port (USE_DPORT = FALSE). For improved power characteristics, set DREG and ADREG to '1', tie CED, CEAD, and RSTD to logic '0'.
Related violations: <none>

AVAL-4#18 Advisory
enum_USE_DPORT_FALSE_enum_DREG_ADREG_0_connects_CED_CEAD_RSTD_GND  
dpll_wrapper_inst/PLL0_loop_filters/pll_32x32_mult_i_inst/U0/i_mult/gDSP.gDSP_only.iDSP/use_prim.appDSP48[0].bppDSP48[0].use_dsp.use_dsp48e1.iDSP48E1: DSP48E1 is not using the D port (USE_DPORT = FALSE). For improved power characteristics, set DREG and ADREG to '1', tie CED, CEAD, and RSTD to logic '0'.
Related violations: <none>

AVAL-4#19 Advisory
enum_USE_DPORT_FALSE_enum_DREG_ADREG_0_connects_CED_CEAD_RSTD_GND  
dpll_wrapper_inst/PLL0_loop_filters/pll_32x32_mult_i_inst/U0/i_mult/gDSP.gDSP_only.iDSP/use_prim.appDSP48[0].bppDSP48[1].use_dsp.use_dsp48e1.iDSP48E1: DSP48E1 is not using the D port (USE_DPORT = FALSE). For improved power characteristics, set DREG and ADREG to '1', tie CED, CEAD, and RSTD to logic '0'.
Related violations: <none>

AVAL-4#20 Advisory
enum_USE_DPORT_FALSE_enum_DREG_ADREG_0_connects_CED_CEAD_RSTD_GND  
dpll_wrapper_inst/PLL0_loop_filters/pll_32x32_mult_i_inst/U0/i_mult/gDSP.gDSP_only.iDSP/use_prim.appDSP48[1].bppDSP48[1].use_dsp.use_dsp48e1.iDSP48E1: DSP48E1 is not using the D port (USE_DPORT = FALSE). For improved power characteristics, set DREG and ADREG to '1', tie CED, CEAD, and RSTD to logic '0'.
Related violations: <none>

AVAL-4#21 Advisory
enum_USE_DPORT_FALSE_enum_DREG_ADREG_0_connects_CED_CEAD_RSTD_GND  
dpll_wrapper_inst/PLL0_loop_filters/pll_32x32_mult_ii_inst/U0/i_mult/gDSP.gDSP_only.iDSP/use_prim.appDSP48[0].bppDSP48[0].use_dsp.use_dsp48e1.iDSP48E1: DSP48E1 is not using the D port (USE_DPORT = FALSE). For improved power characteristics, set DREG and ADREG to '1', tie CED, CEAD, and RSTD to logic '0'.
Related violations: <none>

AVAL-4#22 Advisory
enum_USE_DPORT_FALSE_enum_DREG_ADREG_0_connects_CED_CEAD_RSTD_GND  
dpll_wrapper_inst/PLL0_loop_filters/pll_32x32_mult_ii_inst/U0/i_mult/gDSP.gDSP_only.iDSP/use_prim.appDSP48[0].bppDSP48[1].use_dsp.use_dsp48e1.iDSP48E1: DSP48E1 is not using the D port (USE_DPORT = FALSE). For improved power characteristics, set DREG and ADREG to '1', tie CED, CEAD, and RSTD to logic '0'.
Related violations: <none>

AVAL-4#23 Advisory
enum_USE_DPORT_FALSE_enum_DREG_ADREG_0_connects_CED_CEAD_RSTD_GND  
dpll_wrapper_inst/PLL0_loop_filters/pll_32x32_mult_ii_inst/U0/i_mult/gDSP.gDSP_only.iDSP/use_prim.appDSP48[1].bppDSP48[1].use_dsp.use_dsp48e1.iDSP48E1: DSP48E1 is not using the D port (USE_DPORT = FALSE). For improved power characteristics, set DREG and ADREG to '1', tie CED, CEAD, and RSTD to logic '0'.
Related violations: <none>

AVAL-4#24 Advisory
enum_USE_DPORT_FALSE_enum_DREG_ADREG_0_connects_CED_CEAD_RSTD_GND  
dpll_wrapper_inst/PLL0_loop_filters/pll_wide_mult_d/U0/i_mult/gDSP.gDSP_only.iDSP/use_prim.appDSP48[0].bppDSP48[0].use_dsp.use_dsp48e1.iDSP48E1: DSP48E1 is not using the D port (USE_DPORT = FALSE). For improved power characteristics, set DREG and ADREG to '1', tie CED, CEAD, and RSTD to logic '0'.
Related violations: <none>

AVAL-4#25 Advisory
enum_USE_DPORT_FALSE_enum_DREG_ADREG_0_connects_CED_CEAD_RSTD_GND  
dpll_wrapper_inst/PLL0_loop_filters/pll_wide_mult_d/U0/i_mult/gDSP.gDSP_only.iDSP/use_prim.appDSP48[0].bppDSP48[1].use_dsp.use_dsp48e1.iDSP48E1: DSP48E1 is not using the D port (USE_DPORT = FALSE). For improved power characteristics, set DREG and ADREG to '1', tie CED, CEAD, and RSTD to logic '0'.
Related violations: <none>

AVAL-4#26 Advisory
enum_USE_DPORT_FALSE_enum_DREG_ADREG_0_connects_CED_CEAD_RSTD_GND  
dpll_wrapper_inst/PLL0_loop_filters/pll_wide_mult_d/U0/i_mult/gDSP.gDSP_only.iDSP/use_prim.appDSP48[1].bppDSP48[1].use_dsp.use_dsp48e1.iDSP48E1: DSP48E1 is not using the D port (USE_DPORT = FALSE). For improved power characteristics, set DREG and ADREG to '1', tie CED, CEAD, and RSTD to logic '0'.
Related violations: <none>

AVAL-4#27 Advisory
enum_USE_DPORT_FALSE_enum_DREG_ADREG_0_connects_CED_CEAD_RSTD_GND  
dpll_wrapper_inst/PLL0_loop_filters/pll_wide_mult_p/U0/i_mult/gDSP.gDSP_only.iDSP/use_prim.appDSP48[0].bppDSP48[0].use_dsp.use_dsp48e1.iDSP48E1: DSP48E1 is not using the D port (USE_DPORT = FALSE). For improved power characteristics, set DREG and ADREG to '1', tie CED, CEAD, and RSTD to logic '0'.
Related violations: <none>

AVAL-4#28 Advisory
enum_USE_DPORT_FALSE_enum_DREG_ADREG_0_connects_CED_CEAD_RSTD_GND  
dpll_wrapper_inst/PLL0_loop_filters/pll_wide_mult_p/U0/i_mult/gDSP.gDSP_only.iDSP/use_prim.appDSP48[0].bppDSP48[1].use_dsp.use_dsp48e1.iDSP48E1: DSP48E1 is not using the D port (USE_DPORT = FALSE). For improved power characteristics, set DREG and ADREG to '1', tie CED, CEAD, and RSTD to logic '0'.
Related violations: <none>

AVAL-4#29 Advisory
enum_USE_DPORT_FALSE_enum_DREG_ADREG_0_connects_CED_CEAD_RSTD_GND  
dpll_wrapper_inst/PLL1_loop_filters/pll_32x32_mult_i_inst/U0/i_mult/gDSP.gDSP_only.iDSP/use_prim.appDSP48[0].bppDSP48[0].use_dsp.use_dsp48e1.iDSP48E1: DSP48E1 is not using the D port (USE_DPORT = FALSE). For improved power characteristics, set DREG and ADREG to '1', tie CED, CEAD, and RSTD to logic '0'.
Related violations: <none>

AVAL-4#30 Advisory
enum_USE_DPORT_FALSE_enum_DREG_ADREG_0_connects_CED_CEAD_RSTD_GND  
dpll_wrapper_inst/PLL1_loop_filters/pll_32x32_mult_i_inst/U0/i_mult/gDSP.gDSP_only.iDSP/use_prim.appDSP48[0].bppDSP48[1].use_dsp.use_dsp48e1.iDSP48E1: DSP48E1 is not using the D port (USE_DPORT = FALSE). For improved power characteristics, set DREG and ADREG to '1', tie CED, CEAD, and RSTD to logic '0'.
Related violations: <none>

AVAL-4#31 Advisory
enum_USE_DPORT_FALSE_enum_DREG_ADREG_0_connects_CED_CEAD_RSTD_GND  
dpll_wrapper_inst/PLL1_loop_filters/pll_32x32_mult_i_inst/U0/i_mult/gDSP.gDSP_only.iDSP/use_prim.appDSP48[1].bppDSP48[1].use_dsp.use_dsp48e1.iDSP48E1: DSP48E1 is not using the D port (USE_DPORT = FALSE). For improved power characteristics, set DREG and ADREG to '1', tie CED, CEAD, and RSTD to logic '0'.
Related violations: <none>

AVAL-4#32 Advisory
enum_USE_DPORT_FALSE_enum_DREG_ADREG_0_connects_CED_CEAD_RSTD_GND  
dpll_wrapper_inst/PLL1_loop_filters/pll_32x32_mult_ii_inst/U0/i_mult/gDSP.gDSP_only.iDSP/use_prim.appDSP48[0].bppDSP48[0].use_dsp.use_dsp48e1.iDSP48E1: DSP48E1 is not using the D port (USE_DPORT = FALSE). For improved power characteristics, set DREG and ADREG to '1', tie CED, CEAD, and RSTD to logic '0'.
Related violations: <none>

AVAL-4#33 Advisory
enum_USE_DPORT_FALSE_enum_DREG_ADREG_0_connects_CED_CEAD_RSTD_GND  
dpll_wrapper_inst/PLL1_loop_filters/pll_32x32_mult_ii_inst/U0/i_mult/gDSP.gDSP_only.iDSP/use_prim.appDSP48[0].bppDSP48[1].use_dsp.use_dsp48e1.iDSP48E1: DSP48E1 is not using the D port (USE_DPORT = FALSE). For improved power characteristics, set DREG and ADREG to '1', tie CED, CEAD, and RSTD to logic '0'.
Related violations: <none>

AVAL-4#34 Advisory
enum_USE_DPORT_FALSE_enum_DREG_ADREG_0_connects_CED_CEAD_RSTD_GND  
dpll_wrapper_inst/PLL1_loop_filters/pll_32x32_mult_ii_inst/U0/i_mult/gDSP.gDSP_only.iDSP/use_prim.appDSP48[1].bppDSP48[1].use_dsp.use_dsp48e1.iDSP48E1: DSP48E1 is not using the D port (USE_DPORT = FALSE). For improved power characteristics, set DREG and ADREG to '1', tie CED, CEAD, and RSTD to logic '0'.
Related violations: <none>

AVAL-4#35 Advisory
enum_USE_DPORT_FALSE_enum_DREG_ADREG_0_connects_CED_CEAD_RSTD_GND  
dpll_wrapper_inst/PLL1_loop_filters/pll_wide_mult_d/U0/i_mult/gDSP.gDSP_only.iDSP/use_prim.appDSP48[0].bppDSP48[0].use_dsp.use_dsp48e1.iDSP48E1: DSP48E1 is not using the D port (USE_DPORT = FALSE). For improved power characteristics, set DREG and ADREG to '1', tie CED, CEAD, and RSTD to logic '0'.
Related violations: <none>

AVAL-4#36 Advisory
enum_USE_DPORT_FALSE_enum_DREG_ADREG_0_connects_CED_CEAD_RSTD_GND  
dpll_wrapper_inst/PLL1_loop_filters/pll_wide_mult_d/U0/i_mult/gDSP.gDSP_only.iDSP/use_prim.appDSP48[0].bppDSP48[1].use_dsp.use_dsp48e1.iDSP48E1: DSP48E1 is not using the D port (USE_DPORT = FALSE). For improved power characteristics, set DREG and ADREG to '1', tie CED, CEAD, and RSTD to logic '0'.
Related violations: <none>

AVAL-4#37 Advisory
enum_USE_DPORT_FALSE_enum_DREG_ADREG_0_connects_CED_CEAD_RSTD_GND  
dpll_wrapper_inst/PLL1_loop_filters/pll_wide_mult_d/U0/i_mult/gDSP.gDSP_only.iDSP/use_prim.appDSP48[1].bppDSP48[1].use_dsp.use_dsp48e1.iDSP48E1: DSP48E1 is not using the D port (USE_DPORT = FALSE). For improved power characteristics, set DREG and ADREG to '1', tie CED, CEAD, and RSTD to logic '0'.
Related violations: <none>

AVAL-4#38 Advisory
enum_USE_DPORT_FALSE_enum_DREG_ADREG_0_connects_CED_CEAD_RSTD_GND  
dpll_wrapper_inst/PLL1_loop_filters/pll_wide_mult_p/U0/i_mult/gDSP.gDSP_only.iDSP/use_prim.appDSP48[0].bppDSP48[0].use_dsp.use_dsp48e1.iDSP48E1: DSP48E1 is not using the D port (USE_DPORT = FALSE). For improved power characteristics, set DREG and ADREG to '1', tie CED, CEAD, and RSTD to logic '0'.
Related violations: <none>

AVAL-4#39 Advisory
enum_USE_DPORT_FALSE_enum_DREG_ADREG_0_connects_CED_CEAD_RSTD_GND  
dpll_wrapper_inst/PLL1_loop_filters/pll_wide_mult_p/U0/i_mult/gDSP.gDSP_only.iDSP/use_prim.appDSP48[0].bppDSP48[1].use_dsp.use_dsp48e1.iDSP48E1: DSP48E1 is not using the D port (USE_DPORT = FALSE). For improved power characteristics, set DREG and ADREG to '1', tie CED, CEAD, and RSTD to logic '0'.
Related violations: <none>

AVAL-4#40 Advisory
enum_USE_DPORT_FALSE_enum_DREG_ADREG_0_connects_CED_CEAD_RSTD_GND  
dpll_wrapper_inst/ddc_external_ref_generator_inst/LO_DDS_inst/U0/i_synth/i_dds/I_PHASEGEN.i_conventional_accum.i_accum/i_dsp48.i_struct.i_single_channel.I_DSP/I_VX5_6.I_DSP: DSP48E1 is not using the D port (USE_DPORT = FALSE). For improved power characteristics, set DREG and ADREG to '1', tie CED, CEAD, and RSTD to logic '0'.
Related violations: <none>

AVAL-4#41 Advisory
enum_USE_DPORT_FALSE_enum_DREG_ADREG_0_connects_CED_CEAD_RSTD_GND  
dpll_wrapper_inst/ddc_external_ref_generator_inst/Ref_generator_DDS_2_inst/U0/i_synth/i_dds/I_SINCOS.i_comp_eff.i_eff/MULT_PI_U/i_synth_option.i_synth_model/opt_vx7.i_uniwrap/i_primitive: DSP48E1 is not using the D port (USE_DPORT = FALSE). For improved power characteristics, set DREG and ADREG to '1', tie CED, CEAD, and RSTD to logic '0'.
Related violations: <none>

AVAL-4#42 Advisory
enum_USE_DPORT_FALSE_enum_DREG_ADREG_0_connects_CED_CEAD_RSTD_GND  
dpll_wrapper_inst/ddc_external_ref_generator_inst/Ref_generator_DDS_2_inst/U0/i_synth/i_dds/I_SINCOS.i_comp_eff.i_eff/S1_COS_U/i_synth_option.i_synth_model/opt_vx7.i_uniwrap/i_primitive: DSP48E1 is not using the D port (USE_DPORT = FALSE). For improved power characteristics, set DREG and ADREG to '1', tie CED, CEAD, and RSTD to logic '0'.
Related violations: <none>

AVAL-4#43 Advisory
enum_USE_DPORT_FALSE_enum_DREG_ADREG_0_connects_CED_CEAD_RSTD_GND  
dpll_wrapper_inst/ddc_external_ref_generator_inst/Ref_generator_DDS_2_inst/U0/i_synth/i_dds/I_SINCOS.i_comp_eff.i_eff/S1_SIN_U/i_synth_option.i_synth_model/opt_vx7.i_uniwrap/i_primitive: DSP48E1 is not using the D port (USE_DPORT = FALSE). For improved power characteristics, set DREG and ADREG to '1', tie CED, CEAD, and RSTD to logic '0'.
Related violations: <none>

AVAL-4#44 Advisory
enum_USE_DPORT_FALSE_enum_DREG_ADREG_0_connects_CED_CEAD_RSTD_GND  
dpll_wrapper_inst/system_identification_vna_inst/system_identification_vna_inst/LO_DDS_inst/U0/i_synth/i_dds/I_PHASEGEN.i_conventional_accum.i_accum/i_dsp48.i_struct.i_single_channel.I_DSP/I_VX5_6.I_DSP: DSP48E1 is not using the D port (USE_DPORT = FALSE). For improved power characteristics, set DREG and ADREG to '1', tie CED, CEAD, and RSTD to logic '0'.
Related violations: <none>

AVAL-4#45 Advisory
enum_USE_DPORT_FALSE_enum_DREG_ADREG_0_connects_CED_CEAD_RSTD_GND  
mux_vco/internal_vco_inst/LO_DDS_inst/U0/i_synth/i_dds/I_PHASEGEN.i_conventional_accum.i_accum/i_dsp48.i_struct.i_single_channel.I_DSP/I_VX5_6.I_DSP: DSP48E1 is not using the D port (USE_DPORT = FALSE). For improved power characteristics, set DREG and ADREG to '1', tie CED, CEAD, and RSTD to logic '0'.
Related violations: <none>

AVAL-5#1 Advisory
enum_USE_MULT_NONE_enum_DREG_ADREG_0_connects_CED_CEAD_RSTD_GND  
dpll_wrapper_inst/DDC0_inst/LO_DDS_inst/U0/i_synth/i_dds/I_PHASEGEN.i_conventional_accum.i_accum/i_dsp48.i_struct.i_single_channel.I_DSP/I_VX5_6.I_DSP: DSP48E1 is not using the Multiplier (USE_MULT = NONE). For improved power characteristics, set DREG and ADREG to '1', tie CED, CEAD, and RSTD to logic '0'.
Related violations: <none>

AVAL-5#2 Advisory
enum_USE_MULT_NONE_enum_DREG_ADREG_0_connects_CED_CEAD_RSTD_GND  
dpll_wrapper_inst/ddc_external_ref_generator_inst/LO_DDS_inst/U0/i_synth/i_dds/I_PHASEGEN.i_conventional_accum.i_accum/i_dsp48.i_struct.i_single_channel.I_DSP/I_VX5_6.I_DSP: DSP48E1 is not using the Multiplier (USE_MULT = NONE). For improved power characteristics, set DREG and ADREG to '1', tie CED, CEAD, and RSTD to logic '0'.
Related violations: <none>

AVAL-5#3 Advisory
enum_USE_MULT_NONE_enum_DREG_ADREG_0_connects_CED_CEAD_RSTD_GND  
dpll_wrapper_inst/system_identification_vna_inst/system_identification_vna_inst/LO_DDS_inst/U0/i_synth/i_dds/I_PHASEGEN.i_conventional_accum.i_accum/i_dsp48.i_struct.i_single_channel.I_DSP/I_VX5_6.I_DSP: DSP48E1 is not using the Multiplier (USE_MULT = NONE). For improved power characteristics, set DREG and ADREG to '1', tie CED, CEAD, and RSTD to logic '0'.
Related violations: <none>

AVAL-5#4 Advisory
enum_USE_MULT_NONE_enum_DREG_ADREG_0_connects_CED_CEAD_RSTD_GND  
mux_vco/internal_vco_inst/LO_DDS_inst/U0/i_synth/i_dds/I_PHASEGEN.i_conventional_accum.i_accum/i_dsp48.i_struct.i_single_channel.I_DSP/I_VX5_6.I_DSP: DSP48E1 is not using the Multiplier (USE_MULT = NONE). For improved power characteristics, set DREG and ADREG to '1', tie CED, CEAD, and RSTD to logic '0'.
Related violations: <none>

REQP-181#1 Advisory
writefirst  
Synchronous clocking is detected for BRAM (addr_packed_inst/FSM_inst/ram_inst/RAM_reg) in SDP mode with WRITE_FIRST write-mode. This is the preferred mode for best power characteristics, however it may exhibit address collisions if the same address appears on both read and write ports resulting in unknown or corrupted read data. It is suggested to confirm via simulation that an address collision never occurs and if so it is suggested to try and avoid this situation. If address collisions cannot be avoided, the write-mode may be set to READ_FIRST which guarantees that the read data is the prior contents of the memory at the cost of additional power in the design. See the FPGA Memory Resources User Guide for additional information.
Related violations: <none>


